<?xml version="1.0" encoding="UTF-8"?>
<testng-results ignored="0" total="11" passed="11" failed="0" skipped="0">
  <reporter-output>
  </reporter-output>
  <suite started-at="2024-09-23T18:07:02 IST" name="Gradle suite" finished-at="2024-09-23T18:13:26 IST" duration-ms="383868">
    <groups>
      <group name="Regression_Test">
        <method signature="QKART_Tests.TestCase04()[pri:4, instance:QKART_TESTNG.QKART_Tests@7653ade8]" name="TestCase04" class="QKART_TESTNG.QKART_Tests"/>
        <method signature="QKART_Tests.TestCase06(java.lang.String,java.lang.String)[pri:6, instance:QKART_TESTNG.QKART_Tests@7653ade8]" name="TestCase06" class="QKART_TESTNG.QKART_Tests"/>
        <method signature="QKART_Tests.TestCase08()[pri:8, instance:QKART_TESTNG.QKART_Tests@7653ade8]" name="TestCase08" class="QKART_TESTNG.QKART_Tests"/>
        <method signature="QKART_Tests.TestCase09()[pri:9, instance:QKART_TESTNG.QKART_Tests@7653ade8]" name="TestCase09" class="QKART_TESTNG.QKART_Tests"/>
      </group> <!-- Regression_Test -->
      <group name="Sanity_test">
        <method signature="QKART_Tests.TestCase01()[pri:1, instance:QKART_TESTNG.QKART_Tests@7653ade8]" name="TestCase01" class="QKART_TESTNG.QKART_Tests"/>
        <method signature="QKART_Tests.TestCase02()[pri:2, instance:QKART_TESTNG.QKART_Tests@7653ade8]" name="TestCase02" class="QKART_TESTNG.QKART_Tests"/>
        <method signature="QKART_Tests.TestCase03()[pri:3, instance:QKART_TESTNG.QKART_Tests@7653ade8]" name="TestCase03" class="QKART_TESTNG.QKART_Tests"/>
        <method signature="QKART_Tests.TestCase05(java.lang.String,java.lang.String)[pri:5, instance:QKART_TESTNG.QKART_Tests@7653ade8]" name="TestCase05" class="QKART_TESTNG.QKART_Tests"/>
        <method signature="QKART_Tests.TestCase07()[pri:7, instance:QKART_TESTNG.QKART_Tests@7653ade8]" name="TestCase07" class="QKART_TESTNG.QKART_Tests"/>
        <method signature="QKART_Tests.TestCase10()[pri:10, instance:QKART_TESTNG.QKART_Tests@7653ade8]" name="TestCase10" class="QKART_TESTNG.QKART_Tests"/>
        <method signature="QKART_Tests.TestCase11()[pri:11, instance:QKART_TESTNG.QKART_Tests@7653ade8]" name="TestCase11" class="QKART_TESTNG.QKART_Tests"/>
      </group> <!-- Sanity_test -->
    </groups>
    <test started-at="2024-09-23T18:07:02 IST" name="Gradle test" finished-at="2024-09-23T18:13:26 IST" duration-ms="383868">
      <class name="QKART_TESTNG.QKART_Tests">
        <test-method is-config="true" signature="createDriver()[pri:0, instance:QKART_TESTNG.QKART_Tests@7653ade8]" started-at="2024-09-23T18:06:54 IST" name="createDriver" finished-at="2024-09-23T18:07:02 IST" duration-ms="7884" status="PASS">
          <reporter-output>
          </reporter-output>
        </test-method> <!-- createDriver -->
        <test-method signature="TestCase01()[pri:1, instance:QKART_TESTNG.QKART_Tests@7653ade8]" started-at="2024-09-23T18:07:02 IST" name="TestCase01" description="Verify User Registration" finished-at="2024-09-23T18:07:25 IST" duration-ms="22237" status="PASS">
          <reporter-output>
          </reporter-output>
        </test-method> <!-- TestCase01 -->
        <test-method signature="TestCase02()[pri:2, instance:QKART_TESTNG.QKART_Tests@7653ade8]" started-at="2024-09-23T18:07:25 IST" name="TestCase02" description="Verify User Registration with an existing username" finished-at="2024-09-23T18:08:00 IST" duration-ms="35875" status="PASS">
          <reporter-output>
          </reporter-output>
        </test-method> <!-- TestCase02 -->
        <test-method signature="TestCase03()[pri:3, instance:QKART_TESTNG.QKART_Tests@7653ade8]" started-at="2024-09-23T18:08:00 IST" name="TestCase03" description="Start test case : Verify functionality of search box" finished-at="2024-09-23T18:08:36 IST" duration-ms="35474" status="PASS">
          <reporter-output>
          </reporter-output>
        </test-method> <!-- TestCase03 -->
        <test-method signature="TestCase04()[pri:4, instance:QKART_TESTNG.QKART_Tests@7653ade8]" started-at="2024-09-23T18:08:36 IST" name="TestCase04" description="Start test case : Verify the presence of size Chart" finished-at="2024-09-23T18:08:56 IST" duration-ms="19808" status="PASS">
          <reporter-output>
          </reporter-output>
        </test-method> <!-- TestCase04 -->
        <test-method signature="TestCase05(java.lang.String,java.lang.String)[pri:5, instance:QKART_TESTNG.QKART_Tests@7653ade8]" started-at="2024-09-23T18:08:56 IST" name="TestCase05" description="Verify Happy Flow of buying products" finished-at="2024-09-23T18:09:34 IST" duration-ms="38448" status="PASS">
          <params>
            <param index="0">
              <value>
                <![CDATA[testUser]]>
              </value>
            </param>
            <param index="1">
              <value>
                <![CDATA[abc@123]]>
              </value>
            </param>
          </params>
          <reporter-output>
          </reporter-output>
        </test-method> <!-- TestCase05 -->
        <test-method signature="TestCase06(java.lang.String,java.lang.String)[pri:6, instance:QKART_TESTNG.QKART_Tests@7653ade8]" started-at="2024-09-23T18:09:34 IST" name="TestCase06" description="Verify that cart can be edited" finished-at="2024-09-23T18:10:26 IST" duration-ms="51875" status="PASS">
          <params>
            <param index="0">
              <value>
                <![CDATA[Xtend Smart Watch]]>
              </value>
            </param>
            <param index="1">
              <value>
                <![CDATA[Yarine Floor Lamp]]>
              </value>
            </param>
          </params>
          <reporter-output>
          </reporter-output>
        </test-method> <!-- TestCase06 -->
        <test-method signature="TestCase07()[pri:7, instance:QKART_TESTNG.QKART_Tests@7653ade8]" started-at="2024-09-23T18:10:26 IST" name="TestCase07" description="Verify that insufficient balance error is thrown when the wallet balance is not enough" finished-at="2024-09-23T18:11:50 IST" duration-ms="84359" status="PASS">
          <reporter-output>
          </reporter-output>
        </test-method> <!-- TestCase07 -->
        <test-method signature="TestCase08()[pri:8, instance:QKART_TESTNG.QKART_Tests@7653ade8]" started-at="2024-09-23T18:11:50 IST" name="TestCase08" description="Verify that product added to cart is available when a new tab is opened" finished-at="2024-09-23T18:12:20 IST" duration-ms="29349" status="PASS">
          <reporter-output>
          </reporter-output>
        </test-method> <!-- TestCase08 -->
        <test-method signature="TestCase09()[pri:9, instance:QKART_TESTNG.QKART_Tests@7653ade8]" started-at="2024-09-23T18:12:20 IST" name="TestCase09" description="Verify that the Privacy Policy, About Us are displayed correctly" finished-at="2024-09-23T18:12:45 IST" duration-ms="25059" status="PASS">
          <reporter-output>
          </reporter-output>
        </test-method> <!-- TestCase09 -->
        <test-method signature="TestCase10()[pri:10, instance:QKART_TESTNG.QKART_Tests@7653ade8]" started-at="2024-09-23T18:12:45 IST" name="TestCase10" description="Verify that contact us option is working correctly" finished-at="2024-09-23T18:12:52 IST" duration-ms="7341" status="PASS">
          <reporter-output>
          </reporter-output>
        </test-method> <!-- TestCase10 -->
        <test-method signature="TestCase11()[pri:11, instance:QKART_TESTNG.QKART_Tests@7653ade8]" started-at="2024-09-23T18:12:52 IST" name="TestCase11" description="Ensure that the links on the QKART advertisement are clickable" finished-at="2024-09-23T18:13:26 IST" duration-ms="33826" status="PASS">
          <reporter-output>
          </reporter-output>
        </test-method> <!-- TestCase11 -->
        <test-method is-config="true" signature="quitDriver()[pri:0, instance:QKART_TESTNG.QKART_Tests@7653ade8]" started-at="2024-09-23T18:13:26 IST" name="quitDriver" finished-at="2024-09-23T18:13:26 IST" duration-ms="61" status="PASS">
          <reporter-output>
          </reporter-output>
        </test-method> <!-- quitDriver -->
      </class> <!-- QKART_TESTNG.QKART_Tests -->
    </test> <!-- Gradle test -->
  </suite> <!-- Gradle suite -->
</testng-results>
